// Vitest Snapshot v1

exports[`default <AuthApiExampleTemplate /> > should render a failure message if unauthenticated 1`] = `
<DocumentFragment>
  <div
    class="min-h-screen max-h-screen min-w-screen max-w-screen flex flex-col overflow-x-hidden"
  >
    <div
      class="my-0 pt-10 px-5 text-xl"
    >
      <nav>
        <ul
          class="flex flex-row flex-wrap sm:flex-nowrap list-none justify-between max-w-screen-sm mx-auto"
        >
          <li
            class="mr-auto"
          >
            <a
              class="hover:underline"
              href="/"
            >
              🏠 Home
            </a>
          </li>
          <li
            class="mx-4"
          >
            <a
              class="hover:underline"
              href="/articles"
            >
              📰 Articles
            </a>
          </li>
          <li
            class="mx-4"
          >
            <a
              class="hover:underline"
              href="/pages"
            >
              📑 Pages
            </a>
          </li>
          <li
            class="mx-4"
          >
            <a
              class="hover:underline"
              href="/examples"
            >
              ⚛️ Examples
            </a>
          </li>
        </ul>
      </nav>
    </div>
    <main
      class="mb-auto"
    >
      <div
        class="prose lg:prose-xl mt-10 flex flex-col mx-auto max-h-screen"
      >
        <h1>
          API Authorization Example
        </h1>
        <span
          class="w-full underline cursor-pointer"
          href="/"
        >
          Home →
        </span>
        <div
          class="mt-12 max-w-lg mx-auto lg:grid-cols-3 lg:max-w-screen-lg"
        >
          <p>
            Next.js was unable to make an authorized request to the Drupal API. Please check your .env.development.local file to ensure that your 
            <code>
              CLIENT_ID
            </code>
             and 
            <code>
              CLIENT_SECRET
            </code>
             are set correctly.
          </p>
          <p>
            For more information on how to set these values, please see 
            <a
              href="https://github.com/pantheon-systems/decoupled-kit-js/blob/canary/web/docs/Frontend%20Starters/Next.js/Next.js%20%2B%20Drupal/setting-environment-variables.md"
            >
              Setting Environment Variables
            </a>
          </p>
        </div>
      </div>
    </main>
    <footer
      class="w-full text-white bg-black p-4 mt-12"
    >
      <nav
        class="flex flex-col max-w-lg mx-auto lg:max-w-screen-lg"
      >
        <ul>
          <li
            class="list-disc text-blue-300 ml-3"
          >
            <a
              class="text-blue-300 hover:underline hover:text-blue-100 focus:text-purple-600 active:text-purple-300"
              href="/"
            >
              Home
            </a>
          </li>
        </ul>
      </nav>
      <div
        class="flex my-4 p-2"
      >
        <span
          class="mx-auto"
        >
          © 2022 Built with 
          <a
            class="text-white hover:text-blue-100 underline"
            href="https://nextjs.org/"
          >
            Next.js
          </a>
           and 
          <a
            class="text-blue-500 underline hover:text-blue-100"
            href="https://www.drupal.org/"
          >
            Drupal
          </a>
        </span>
      </div>
    </footer>
  </div>
</DocumentFragment>
`;

exports[`default <AuthApiExampleTemplate /> > should render a success message if authenticated 1`] = `
<DocumentFragment>
  <div
    class="min-h-screen max-h-screen min-w-screen max-w-screen flex flex-col overflow-x-hidden"
  >
    <div
      class="my-0 pt-10 px-5 text-xl"
    >
      <nav>
        <ul
          class="flex flex-row flex-wrap sm:flex-nowrap list-none justify-between max-w-screen-sm mx-auto"
        >
          <li
            class="mr-auto"
          >
            <a
              class="hover:underline"
              href="/"
            >
              🏠 Home
            </a>
          </li>
          <li
            class="mx-4"
          >
            <a
              class="hover:underline"
              href="/articles"
            >
              📰 Articles
            </a>
          </li>
          <li
            class="mx-4"
          >
            <a
              class="hover:underline"
              href="/pages"
            >
              📑 Pages
            </a>
          </li>
          <li
            class="mx-4"
          >
            <a
              class="hover:underline"
              href="/examples"
            >
              ⚛️ Examples
            </a>
          </li>
        </ul>
      </nav>
    </div>
    <main
      class="mb-auto"
    >
      <div
        class="prose lg:prose-xl mt-10 flex flex-col mx-auto max-h-screen"
      >
        <h1>
          API Authorization Example
        </h1>
        <span
          class="w-full underline cursor-pointer"
          href="/"
        >
          Home →
        </span>
        <div
          class="mt-12 max-w-lg mx-auto lg:grid-cols-3 lg:max-w-screen-lg"
        >
          <p>
            🎉 Next.js was able to successfully make an authenticated request to Drupal! 🎉
          </p>
        </div>
      </div>
    </main>
    <footer
      class="w-full text-white bg-black p-4 mt-12"
    >
      <nav
        class="flex flex-col max-w-lg mx-auto lg:max-w-screen-lg"
      >
        <ul>
          <li
            class="list-disc text-blue-300 ml-3"
          >
            <a
              class="text-blue-300 hover:underline hover:text-blue-100 focus:text-purple-600 active:text-purple-300"
              href="/"
            >
              Home
            </a>
          </li>
        </ul>
      </nav>
      <div
        class="flex my-4 p-2"
      >
        <span
          class="mx-auto"
        >
          © 2022 Built with 
          <a
            class="text-white hover:text-blue-100 underline"
            href="https://nextjs.org/"
          >
            Next.js
          </a>
           and 
          <a
            class="text-blue-500 underline hover:text-blue-100"
            href="https://www.drupal.org/"
          >
            Drupal
          </a>
        </span>
      </div>
    </footer>
  </div>
</DocumentFragment>
`;
