// Vitest Snapshot v1

exports[`default <PageListTemplate /> > should render with default profile pages 1`] = `
<DocumentFragment>
  <div
    class="min-h-screen max-h-screen min-w-screen max-w-screen flex flex-col overflow-x-hidden"
  >
    <div
      class="my-0 pt-10 px-5 text-xl"
    >
      <nav>
        <ul
          class="flex flex-row flex-wrap sm:flex-nowrap list-none justify-between max-w-screen-sm mx-auto"
        >
          <li
            class="mr-auto"
          >
            <a
              class="hover:underline"
              href="/"
            >
              🏠 Home
            </a>
          </li>
          <li
            class="mx-4"
          >
            <a
              class="hover:underline"
              href="/articles"
            >
              📰 Articles
            </a>
          </li>
          <li
            class="mx-4"
          >
            <a
              class="hover:underline"
              href="/pages"
            >
              📑 Pages
            </a>
          </li>
          <li
            class="mx-4"
          >
            <a
              class="hover:underline"
              href="/examples"
            >
              ⚛️ Examples
            </a>
          </li>
        </ul>
      </nav>
    </div>
    <main
      class="mb-auto"
    >
       
      <header
        class="prose text-2xl mx-auto mt-20"
      >
        <h1
          class="text-center mx-auto"
        >
          Pages
        </h1>
      </header>
      <div
        class="mt-12 mx-auto max-w-[50vw]"
      >
        <ul>
          <li
            class="prose justify-items-start mt-8"
          >
            <h2>
              Test Page With Embedded Image-test page-local
            </h2>
            <div />
            <a
              class="font-normal underline"
              href="/pages/test-page-embedded-image-test-page-local"
            >
              Read more →
            </a>
          </li>
          <li
            class="prose justify-items-start mt-8"
          >
            <h2>
              My Page-preview test
            </h2>
            <div />
            <a
              class="font-normal underline"
              href="/pages/my-page-preview-test"
            >
              Read more →
            </a>
          </li>
        </ul>
      </div>
    </main>
    <footer
      class="w-full text-white bg-black p-4 mt-12"
    >
      <nav
        class="flex flex-col max-w-lg mx-auto lg:max-w-screen-lg"
      >
        <ul>
          <li
            class="list-disc text-blue-300 ml-3"
          >
            <a
              class="text-blue-300 hover:underline hover:text-blue-100 focus:text-purple-600 active:text-purple-300"
              href="/"
            >
              Home
            </a>
          </li>
        </ul>
      </nav>
      <div
        class="flex my-4 p-2"
      >
        <span
          class="mx-auto"
        >
          © 2022 Built with 
          <a
            class="text-white hover:text-blue-100 underline"
            href="https://nextjs.org/"
          >
            Next.js
          </a>
           and 
          <a
            class="text-blue-500 underline hover:text-blue-100"
            href="https://www.drupal.org/"
          >
            Drupal
          </a>
        </span>
      </div>
    </footer>
  </div>
</DocumentFragment>
`;

exports[`default <PageTemplate /> > should render with default profile page 1`] = `
<DocumentFragment>
  <div
    class="min-h-screen max-h-screen min-w-screen max-w-screen flex flex-col overflow-x-hidden"
  >
    <div
      class="my-0 pt-10 px-5 text-xl"
    >
      <nav>
        <ul
          class="flex flex-row flex-wrap sm:flex-nowrap list-none justify-between max-w-screen-sm mx-auto"
        >
          <li
            class="mr-auto"
          >
            <a
              class="hover:underline"
              href="/"
            >
              🏠 Home
            </a>
          </li>
          <li
            class="mx-4"
          >
            <a
              class="hover:underline"
              href="/articles"
            >
              📰 Articles
            </a>
          </li>
          <li
            class="mx-4"
          >
            <a
              class="hover:underline"
              href="/pages"
            >
              📑 Pages
            </a>
          </li>
          <li
            class="mx-4"
          >
            <a
              class="hover:underline"
              href="/examples"
            >
              ⚛️ Examples
            </a>
          </li>
        </ul>
      </nav>
    </div>
    <main
      class="mb-auto"
    >
      <article
        class="prose lg:prose-xl mt-10 mx-auto"
      >
        <h1>
          Test Page With Embedded Image-test page-local
        </h1>
        <a
          class="font-normal"
          href="/pages"
        >
          Pages →
        </a>
        <div
          class="mt-12 max-w-lg mx-auto lg:grid-cols-3 lg:max-w-screen-lg"
        >
          <div>
            <p>
              <img
                alt="Drupal on NPM"
                data-entity-type="file"
                data-entity-uuid="85adb65f-7111-42ae-aaa2-1d82e92d5785"
                src="/sites/default/files/inline-images/%40drupal-npm.png"
              />
            </p>
            

          </div>
        </div>
      </article>
    </main>
    <footer
      class="w-full text-white bg-black p-4 mt-12"
    >
      <nav
        class="flex flex-col max-w-lg mx-auto lg:max-w-screen-lg"
      >
        <ul>
          <li
            class="list-disc text-blue-300 ml-3"
          >
            <a
              class="text-blue-300 hover:underline hover:text-blue-100 focus:text-purple-600 active:text-purple-300"
              href="/"
            >
              Home
            </a>
          </li>
        </ul>
      </nav>
      <div
        class="flex my-4 p-2"
      >
        <span
          class="mx-auto"
        >
          © 2022 Built with 
          <a
            class="text-white hover:text-blue-100 underline"
            href="https://nextjs.org/"
          >
            Next.js
          </a>
           and 
          <a
            class="text-blue-500 underline hover:text-blue-100"
            href="https://www.drupal.org/"
          >
            Drupal
          </a>
        </span>
      </div>
    </footer>
  </div>
</DocumentFragment>
`;
