// Vitest Snapshot v1

exports[`umami <ExamplesPageTemplate /> > should render 1`] = `
<DocumentFragment>
  <div
    class="min-h-screen max-h-screen min-w-screen max-w-screen flex flex-col overflow-x-hidden"
  >
    <div
      class="my-0 pt-10 px-5 text-xl"
    >
      <nav>
        <ul
          class="flex flex-row flex-wrap sm:flex-nowrap list-none justify-between max-w-screen-sm mx-auto"
        >
          <li
            class="mr-auto"
          >
            <a
              class="hover:underline"
              href="/"
            >
              üè† Home
            </a>
          </li>
          <li
            class="mx-4"
          >
            <a
              class="hover:underline"
              href="/articles"
            >
              üì∞ Articles
            </a>
          </li>
          <li
            class="mx-4"
          >
            <a
              class="hover:underline"
              href="/pages"
            >
              üìë Pages
            </a>
          </li>
          <li
            class="mx-4"
          >
            <a
              class="hover:underline"
              href="/examples"
            >
              ‚öõÔ∏è Examples
            </a>
          </li>
        </ul>
      </nav>
    </div>
    <main
      class="mb-auto"
    >
      <div
        class="prose lg:prose-xl mt-10 flex flex-col mx-auto max-h-screen"
      >
        <h1>
          Examples
        </h1>
        <span
          class="w-full underline cursor-pointer"
          href="/"
        >
          Home ‚Üí
        </span>
        <div
          class="max-w-lg mx-auto lg:grid-cols-3 lg:max-w-screen-lg"
        >
          <p>
            This page outlines a growing list of common use cases that can be used as a reference when building using this starter kit. If you don't need them for your site, feel free to delete the \`pages/examples\` directory in your codebase.
          </p>
          <ul>
            <li>
              <a
                href="/examples/auth-api"
              >
                API Authorization
              </a>
               - confirms that Next.js is able to make authenticated requests to Drupal's API.
            </li>
            <li>
              <a
                href="/examples/ssg-isr"
              >
                SSG and ISR
              </a>
               - by default, this starter kit is optimized for SSR and Edge Caching on Pantheon. This example is provided for cases where Next.js static generation options would be beneficial.
            </li>
            <li>
              <a
                href="/examples/pagination"
              >
                Pagination
              </a>
               - a paginated list with a large dataset.
            </li>
          </ul>
        </div>
      </div>
    </main>
    <footer
      class="w-full text-white bg-black p-4 mt-12"
    >
      <nav
        class="flex flex-col max-w-lg mx-auto lg:max-w-screen-lg"
      >
        <ul>
          <li
            class="list-disc text-blue-300 ml-3"
          >
            <a
              class="text-blue-300 hover:underline hover:text-blue-100 focus:text-purple-600 active:text-purple-300"
              href="/en"
            >
              Home
            </a>
          </li>
          <li
            class="list-disc text-blue-300 ml-3"
          >
            <a
              class="text-blue-300 hover:underline hover:text-blue-100 focus:text-purple-600 active:text-purple-300"
              href="/en/articles"
            >
              Articles
            </a>
          </li>
          <li
            class="list-disc text-blue-300 ml-3"
          >
            <a
              class="text-blue-300 hover:underline hover:text-blue-100 focus:text-purple-600 active:text-purple-300"
              href="/en/recipes"
            >
              Recipes
            </a>
          </li>
        </ul>
      </nav>
      <div
        class="flex my-4 p-2"
      >
        <span
          class="mx-auto"
        >
          ¬© 2022 Built with 
          <a
            class="text-white hover:text-blue-100 underline"
            href="https://nextjs.org/"
          >
            Next.js
          </a>
           and 
          <a
            class="text-blue-500 underline hover:text-blue-100"
            href="https://www.drupal.org/"
          >
            Drupal
          </a>
        </span>
      </div>
    </footer>
  </div>
</DocumentFragment>
`;
