// Vitest Snapshot v1

exports[`umami <SSGISRExampleTemplate /> > should render with umami profile articles 1`] = `
<DocumentFragment>
  <div
    class="min-h-screen max-h-screen min-w-screen max-w-screen flex flex-col overflow-x-hidden"
  >
    <div
      class="my-0 pt-10 px-5 text-xl"
    >
      <nav>
        <ul
          class="flex flex-row flex-wrap sm:flex-nowrap list-none justify-between max-w-screen-sm mx-auto"
        >
          <li
            class="mr-auto"
          >
            <a
              class="hover:underline"
              href="/"
            >
              üè† Home
            </a>
          </li>
          <li
            class="mx-4"
          >
            <a
              class="hover:underline"
              href="/articles"
            >
              üì∞ Articles
            </a>
          </li>
          <li
            class="mx-4"
          >
            <a
              class="hover:underline"
              href="/pages"
            >
              üìë Pages
            </a>
          </li>
          <li
            class="mx-4"
          >
            <a
              class="hover:underline"
              href="/examples"
            >
              ‚öõÔ∏è Examples
            </a>
          </li>
        </ul>
      </nav>
    </div>
    <main
      class="mb-auto"
    >
      <header
        class="prose text-2xl mx-auto mt-20"
      >
        <h1
          class="text-center mx-auto"
        >
          Articles
        </h1>
      </header>
      <div
        class="mt-8 prose lg:prose-xl max-w-lg mx-auto lg:grid-cols-3 lg:max-w-screen-lg"
      >
        <p>
          <em>
            By default, this starter kit is optimized for SSR and Edge Caching on Pantheon. This example instead uses Incremental Static Regeneration and is provided as a reference for cases where Next.js static generation options would be beneficial.
          </em>
        </p>
      </div>
      <section>
        <div
          class="mt-12 grid gap-5 max-w-content mx-auto lg:grid-cols-3 lg:max-w-screen-lg"
        >
          <a
            href="/articles/give-it-a-go-and-grow-your-own-herbs"
          >
            <div
              class="flex flex-col rounded-lg shadow-lg overflow-hidden cursor-pointer border-2 h-full hover:border-indigo-500"
            >
              <div
                class="flex-shrink-0 relative h-40"
              >
                <img
                  alt="Give it a go and grow your own herbs"
                  src="https://umami/sites/default/files/home-grown-herbs.jpg"
                />
              </div>
              <h2
                class="my-4 mx-6 text-xl leading-7 font-semibold text-gray-900"
              >
                Give it a go and grow your own herbs ‚Üí
              </h2>
            </div>
          </a>
          <a
            href="/articles/the-real-deal-for-supermarket-savvy-shopping"
          >
            <div
              class="flex flex-col rounded-lg shadow-lg overflow-hidden cursor-pointer border-2 h-full hover:border-indigo-500"
            >
              <div
                class="flex-shrink-0 relative h-40"
              >
                <img
                  alt="The real deal for supermarket savvy shopping"
                  src="https://umami/sites/default/files/supermarket-savvy-umami.jpg"
                />
              </div>
              <h2
                class="my-4 mx-6 text-xl leading-7 font-semibold text-gray-900"
              >
                The real deal for supermarket savvy shopping ‚Üí
              </h2>
            </div>
          </a>
          <a
            href="/articles/baking-mishaps-our-troubleshooting-tips"
          >
            <div
              class="flex flex-col rounded-lg shadow-lg overflow-hidden cursor-pointer border-2 h-full hover:border-indigo-500"
            >
              <div
                class="flex-shrink-0 relative h-40"
              >
                <img
                  alt="Baking mishaps - our troubleshooting tips"
                  src="https://umami/sites/default/files/chocolate-brownie-umami.jpg"
                />
              </div>
              <h2
                class="my-4 mx-6 text-xl leading-7 font-semibold text-gray-900"
              >
                Baking mishaps - our troubleshooting tips ‚Üí
              </h2>
            </div>
          </a>
          <a
            href="/articles/skip-the-spirits-with-delicious-mocktails"
          >
            <div
              class="flex flex-col rounded-lg shadow-lg overflow-hidden cursor-pointer border-2 h-full hover:border-indigo-500"
            >
              <div
                class="flex-shrink-0 relative h-40"
              >
                <img
                  alt="Skip the spirits with delicious mocktails"
                  src="https://umami/sites/default/files/mojito-mocktail.jpg"
                />
              </div>
              <h2
                class="my-4 mx-6 text-xl leading-7 font-semibold text-gray-900"
              >
                Skip the spirits with delicious mocktails ‚Üí
              </h2>
            </div>
          </a>
          <a
            href="/articles/give-your-oatmeal-the-ultimate-makeover"
          >
            <div
              class="flex flex-col rounded-lg shadow-lg overflow-hidden cursor-pointer border-2 h-full hover:border-indigo-500"
            >
              <div
                class="flex-shrink-0 relative h-40"
              >
                <img
                  alt="Give your oatmeal the ultimate makeover"
                  src="https://umami/sites/default/files/oatmeal-fruit-syrup-topping.jpg"
                />
              </div>
              <h2
                class="my-4 mx-6 text-xl leading-7 font-semibold text-gray-900"
              >
                Give your oatmeal the ultimate makeover ‚Üí
              </h2>
            </div>
          </a>
          <a
            href="/articles/the-umami-guide-to-our-favourite-mushrooms"
          >
            <div
              class="flex flex-col rounded-lg shadow-lg overflow-hidden cursor-pointer border-2 h-full hover:border-indigo-500"
            >
              <div
                class="flex-shrink-0 relative h-40"
              >
                <img
                  alt="The Umami guide to our favorite mushrooms"
                  src="https://umami/sites/default/files/mushrooms-umami.jpg"
                />
              </div>
              <h2
                class="my-4 mx-6 text-xl leading-7 font-semibold text-gray-900"
              >
                The Umami guide to our favorite mushrooms ‚Üí
              </h2>
            </div>
          </a>
          <a
            href="/articles/lets-hear-it-for-carrots"
          >
            <div
              class="flex flex-col rounded-lg shadow-lg overflow-hidden cursor-pointer border-2 h-full hover:border-indigo-500"
            >
              <div
                class="flex-shrink-0 relative h-40"
              >
                <img
                  alt="Let's hear it for carrots "
                  src="https://umami/sites/default/files/heritage-carrots.jpg"
                />
              </div>
              <h2
                class="my-4 mx-6 text-xl leading-7 font-semibold text-gray-900"
              >
                Let's hear it for carrots  ‚Üí
              </h2>
            </div>
          </a>
          <a
            href="/articles/dairy-free-and-delicious-milk-chocolate"
          >
            <div
              class="flex flex-col rounded-lg shadow-lg overflow-hidden cursor-pointer border-2 h-full hover:border-indigo-500"
            >
              <div
                class="flex-shrink-0 relative h-40"
              >
                <img
                  alt="Dairy-free and delicious milk chocolate"
                  src="https://umami/sites/default/files/vegan-chocolate.jpg"
                />
              </div>
              <h2
                class="my-4 mx-6 text-xl leading-7 font-semibold text-gray-900"
              >
                Dairy-free and delicious milk chocolate ‚Üí
              </h2>
            </div>
          </a>
        </div>
      </section>
    </main>
    <footer
      class="w-full text-white bg-black p-4 mt-12"
    >
      <nav
        class="flex flex-col max-w-lg mx-auto lg:max-w-screen-lg"
      >
        <ul>
          <li
            class="list-disc text-blue-300 ml-3"
          >
            <a
              class="text-blue-300 hover:underline hover:text-blue-100 focus:text-purple-600 active:text-purple-300"
              href="/en"
            >
              Home
            </a>
          </li>
          <li
            class="list-disc text-blue-300 ml-3"
          >
            <a
              class="text-blue-300 hover:underline hover:text-blue-100 focus:text-purple-600 active:text-purple-300"
              href="/en/articles"
            >
              Articles
            </a>
          </li>
          <li
            class="list-disc text-blue-300 ml-3"
          >
            <a
              class="text-blue-300 hover:underline hover:text-blue-100 focus:text-purple-600 active:text-purple-300"
              href="/en/recipes"
            >
              Recipes
            </a>
          </li>
        </ul>
      </nav>
      <div
        class="flex my-4 p-2"
      >
        <span
          class="mx-auto"
        >
          ¬© 2022 Built with 
          <a
            class="text-white hover:text-blue-100 underline"
            href="https://nextjs.org/"
          >
            Next.js
          </a>
           and 
          <a
            class="text-blue-500 underline hover:text-blue-100"
            href="https://www.drupal.org/"
          >
            Drupal
          </a>
        </span>
      </div>
    </footer>
  </div>
</DocumentFragment>
`;
